# coverage.baseline - the committed coverage figures.
#
# SPDX-FileCopyrightText: NONE
# SPDX-License-Identifier: MIT
#
# NONE rather than a copyright line because there is nothing here to own.
# The figures are measurements of the tree: facts about it rather than
# expression, and the effort of collecting them confers nothing either.
# The licence is still named, so anything scanning the tarball has an
# answer for this file.  The prose you are reading lives in
# coverage-report.py, which is authored and says so.
#
# Re-bless with "make coverage-update" after a deliberate change, the way
# "make abi-update" re-blesses the ABI.
#
# This file is what makes "make coverage-check" a ratchet rather than an
# aspiration.  A tier target is where the tier is meant to end up, and
# most are not there yet -- gating on those would leave CI red from the
# first day, which teaches everybody to ignore it.  Gating on THIS
# instead means the rule is "do not go backwards", which is enforceable
# immediately and tightens by itself as the figures rise:
#
#   * a tier that drops more than its slack below the recorded figure
#     fails, so a refactor cannot quietly shed tests;
#   * a per-file floor is enforced for every file that ALREADY meets it,
#     and merely reported for one that does not.  So a file cannot slip
#     back under a floor it has reached, and each file starts being
#     guarded the moment it first clears it.
#
# Counts rather than percentages: the arithmetic stays exact, and the
# diff shows which way a change moved.
#
# tier <name>       lines <hit>/<total> branches <hit>/<total>
# file <path>       lines <hit>/<total> branches <hit>/<total>
tier security               lines   864/970 branches   468/583
tier transaction            lines 1927/2308 branches 1050/1490
tier plumbing               lines 1940/2367 branches 1159/1589
tier cli                    lines   547/734 branches   214/343

file src/archive.c          lines   332/379 branches   165/211
file src/clash.c            lines     63/72 branches     37/54
file src/clearsign.c        lines     52/55 branches     26/28
file src/download.c         lines   131/147 branches     61/72
file src/index.c            lines     38/44 branches     26/38
file src/update.c           lines   165/178 branches    90/104
file src/validator.c        lines     66/78 branches     51/62
file src/verify.c           lines     17/17 branches     12/14
file src/autoremove.c       lines    90/109 branches     45/72
file src/conffile.c         lines   162/191 branches    77/116
file src/install.c          lines   553/665 branches   331/462
file src/owner_index.c      lines   107/120 branches     47/70
file src/pin.c              lines     57/85 branches     32/48
file src/remove.c           lines   147/171 branches    78/112
file src/script.c           lines     28/32 branches     21/26
file src/solver.c           lines   255/301 branches   141/186
file src/status.c           lines   202/268 branches   108/162
file src/trigger.c          lines   326/366 branches   170/236
file src/api.c              lines   450/525 branches   189/282
file src/clean.c            lines     24/28 branches     15/18
file src/config.c           lines   190/233 branches    81/128
file src/libfetch/common.c  lines   402/487 branches   236/305
file src/libfetch/common.h  lines       6/6 branches       0/0
file src/libfetch/fetch.c   lines   107/134 branches    88/118
file src/libfetch/http.c    lines   449/549 branches   348/445
file src/libfetch/pctdecode.c lines     21/22 branches     27/30
file src/msg.c              lines    98/103 branches     58/78
file src/util.c             lines   193/280 branches   117/185
file src/main.c             lines   547/734 branches   214/343
