# coverage.baseline - the committed coverage figures.
#
# SPDX-FileCopyrightText: NONE
# SPDX-License-Identifier: MIT
#
# NONE rather than a copyright line because there is nothing here to own.
# The figures are measurements of the tree: facts about it rather than
# expression, and the effort of collecting them confers nothing either.
# The licence is still named, so anything scanning the tarball has an
# answer for this file.  The prose you are reading lives in
# coverage-report.py, which is authored and says so.
#
# Re-bless with "make coverage-update" after a deliberate change, the way
# "make abi-update" re-blesses the ABI.
#
# This file is what makes "make coverage-check" a ratchet rather than an
# aspiration.  A tier target is where the tier is meant to end up, and
# most are not there yet -- gating on those would leave CI red from the
# first day, which teaches everybody to ignore it.  Gating on THIS
# instead means the rule is "do not go backwards", which is enforceable
# immediately and tightens by itself as the figures rise:
#
#   * a tier that drops more than its slack below the recorded figure
#     fails, so a refactor cannot quietly shed tests;
#   * a per-file floor is enforced for every file that ALREADY meets it,
#     and merely reported for one that does not.  So a file cannot slip
#     back under a floor it has reached, and each file starts being
#     guarded the moment it first clears it.
#
# Counts rather than percentages: the arithmetic stays exact, and the
# diff shows which way a change moved.
#
# tier <name>       lines <hit>/<total> branches <hit>/<total>
# file <path>       lines <hit>/<total> branches <hit>/<total>
tier security               lines 1255/1380 branches   711/875
tier transaction            lines 2032/2374 branches 1121/1532
tier plumbing               lines 2363/2761 branches 1479/1957
tier cli                    lines   622/771 branches   266/368

file src/archive.c          lines   357/413 branches   175/231
file src/clash.c            lines   135/153 branches    85/124
file src/clearsign.c        lines     52/55 branches     26/28
file src/deb.c              lines   284/295 branches   176/202
file src/download.c         lines   131/147 branches     62/72
file src/index.c            lines     38/44 branches     27/38
file src/update.c           lines   165/178 branches    91/104
file src/validator.c        lines     76/78 branches     57/62
file src/verify.c           lines     17/17 branches     12/14
file src/autoremove.c       lines    95/109 branches     48/72
file src/conffile.c         lines   167/191 branches    81/116
file src/install.c          lines   571/673 branches   343/466
file src/owner_index.c      lines   112/120 branches     51/70
file src/pin.c              lines     63/85 branches     36/48
file src/remove.c           lines   158/185 branches    84/118
file src/script.c           lines     32/34 branches     24/30
file src/solver.c           lines   296/343 branches   170/214
file src/status.c           lines   211/268 branches   113/162
file src/trigger.c          lines   327/366 branches   171/236
file src/api.c              lines   646/700 branches   342/470
file src/clean.c            lines     24/28 branches     15/18
file src/config.c           lines   198/237 branches    90/130
file src/libfetch/common.c  lines   402/487 branches   236/305
file src/libfetch/common.h  lines       6/6 branches       0/0
file src/libfetch/fetch.c   lines   111/134 branches    90/118
file src/libfetch/http.c    lines   449/549 branches   348/445
file src/libfetch/pctdecode.c lines     21/22 branches     27/30
file src/msg.c              lines   100/105 branches     58/78
file src/stanza.c           lines   204/211 branches   147/174
file src/util.c             lines   202/282 branches   126/189
file src/cmd_maint.c        lines     54/57 branches     15/18
file src/cmd_query.c        lines   189/222 branches    93/119
file src/cmd_state.c        lines    92/111 branches     37/47
file src/cmd_transact.c     lines   184/241 branches     64/96
file src/main.c             lines   103/140 branches     57/88
