# coverage.baseline - the committed coverage figures.
#
# SPDX-FileCopyrightText: NONE
# SPDX-License-Identifier: MIT
#
# NONE rather than a copyright line because there is nothing here to own.
# The figures are measurements of the tree: facts about it rather than
# expression, and the effort of collecting them confers nothing either.
# The licence is still named, so anything scanning the tarball has an
# answer for this file.  The prose you are reading lives in
# coverage-report.py, which is authored and says so.
#
# Re-bless with "make coverage-update" after a deliberate change, the way
# "make abi-update" re-blesses the ABI.
#
# This file is what makes "make coverage-check" a ratchet rather than an
# aspiration.  A tier target is where the tier is meant to end up, and
# most are not there yet -- gating on those would leave CI red from the
# first day, which teaches everybody to ignore it.  Gating on THIS
# instead means the rule is "do not go backwards", which is enforceable
# immediately and tightens by itself as the figures rise:
#
#   * a tier that drops more than its slack below the recorded figure
#     fails, so a refactor cannot quietly shed tests;
#   * a per-file floor is enforced for every file that ALREADY meets it,
#     and merely reported for one that does not.  So a file cannot slip
#     back under a floor it has reached, and each file starts being
#     guarded the moment it first clears it.
#
# Counts rather than percentages: the arithmetic stays exact, and the
# diff shows which way a change moved.
#
# tier <name>       lines <hit>/<total> branches <hit>/<total>
# file <path>       lines <hit>/<total> branches <hit>/<total>
tier security               lines 1497/1638 branches  876/1073
tier transaction            lines 2239/2534 branches 1240/1636
tier plumbing               lines 2365/2737 branches 1489/1947
tier cli                    lines   657/792 branches   281/378

file src/archive.c          lines   506/577 branches   275/355
file src/clash.c            lines   154/174 branches   104/150
file src/clearsign.c        lines     52/55 branches     26/28
file src/deb.c              lines   286/295 branches   178/202
file src/download.c         lines   128/144 branches     62/72
file src/index.c            lines     39/44 branches     28/38
file src/sums.c             lines     72/74 branches     41/46
file src/update.c           lines   167/180 branches    93/106
file src/validator.c        lines     76/78 branches     57/62
file src/verify.c           lines     17/17 branches     12/14
file src/autoremove.c       lines    95/109 branches     49/72
file src/conffile.c         lines   167/191 branches    81/116
file src/install.c          lines   632/722 branches   363/480
file src/listfile.c         lines     71/71 branches     50/64
file src/owner_index.c      lines   105/111 branches     51/66
file src/pin.c              lines     74/85 branches     39/48
file src/remove.c           lines   166/187 branches    89/116
file src/script.c           lines     32/34 branches     24/30
file src/solver.c           lines   311/358 branches   180/226
file src/status.c           lines   263/312 branches   146/192
file src/trigger.c          lines   323/354 branches   168/226
file src/api.c              lines   638/676 branches   348/460
file src/clean.c            lines     26/28 branches     16/18
file src/config.c           lines   204/237 branches    93/130
file src/libfetch/common.c  lines   402/487 branches   236/305
file src/libfetch/common.h  lines       6/6 branches       0/0
file src/libfetch/fetch.c   lines   111/134 branches    90/118
file src/libfetch/http.c    lines   449/549 branches   348/445
file src/libfetch/pctdecode.c lines     21/22 branches     27/30
file src/msg.c              lines   100/105 branches     58/78
file src/stanza.c           lines   204/211 branches   147/174
file src/util.c             lines   204/282 branches   126/189
file src/cmd_maint.c        lines     54/57 branches     15/18
file src/cmd_query.c        lines   189/222 branches    93/119
file src/cmd_state.c        lines   127/132 branches     52/57
file src/cmd_transact.c     lines   184/241 branches     64/96
file src/main.c             lines   103/140 branches     57/88
